[cwd=0]%[cwd=0]%Successfully appended 10 bytes.
[cwd=0]%[cwd=0]%THIS_IS_F1
[cwd=0]%THIS_IS_F1
[cwd=0]%[cwd=0]%Error: not found

[cwd=0]%