[cwd=0]%[cwd=0]%Successfully appended 6 bytes.
[cwd=0]%MYTEST
[cwd=0]%[cwd=0]%TSETYM
[cwd=0]%[cwd=0]%MYTEST
[cwd=0]%