[cwd=0]%[cwd=0]%Successfully appended 292 bytes.
[cwd=0]%SLICE_TEST_012345678901234567890123456789012345678901234567890123456789012345678901234567890123456789012345678901234567890123456789012345678901234567890123456789012345678901234567890123456789012345678901234567890123456789012345678901234567890123456789012345678901234567890123456789_SLICE_TEST
[cwd=0]%[cwd=0]%LICE_TEST_0123456789012345678901234567890123456789012345678901234567890123456789012345678901234567890123456789012345678901234567890123456789012345678901234567890123456789012345678901234567890123456789012345678901234567890123456789012345678901234567890123456789
[cwd=0]%[cwd=0]%ICE_T
[cwd=0]%