[cwd=0]%[cwd=0]%Successfully appended 10 bytes.
[cwd=0]%[cwd=0]%THIS_IS_F1
[cwd=0]%THIS_IS_F1
[cwd=0]%[cwd=0]%Error: not found

[cwd=0]%[cwd=0]%Successfully appended 6 bytes.
[cwd=0]%NEW_F1
[cwd=0]%[cwd=0]%NEW_F1
[cwd=0]%[cwd=0]%NEW_F1
[cwd=0]%Successfully appended 5 bytes.
[cwd=0]%[cwd=0]%NEW_F1_MORE
[cwd=0]%