[cwd=0]%[cwd=0]%Successfully appended 294 bytes.
[cwd=0]%MIRROR_TEST_012345678901234567890123456789012345678901234567890123456789012345678901234567890123456789012345678901234567890123456789012345678901234567890123456789012345678901234567890123456789012345678901234567890123456789012345678901234567890123456789012345678901234567890123456789_MIRROR_TEST
[cwd=0]%[cwd=0]%TSET_RORRIM_987654321098765432109876543210987654321098765432109876543210987654321098765432109876543210987654321098765432109876543210987654321098765432109876543210987654321098765432109876543210987654321098765432109876543210987654321098765432109876543210987654321098765432109876543210_TSET_RORRIM
[cwd=0]%[cwd=0]%MIRROR_TEST_012345678901234567890123456789012345678901234567890123456789012345678901234567890123456789012345678901234567890123456789012345678901234567890123456789012345678901234567890123456789012345678901234567890123456789012345678901234567890123456789012345678901234567890123456789_MIRROR_TEST
[cwd=0]%