[cwd=0]%[cwd=0]%Successfully appended 20 bytes.
[cwd=0]%[cwd=0]%45678901
[cwd=0]%Error: ERROR_SLICE_OFFSET_OUT_BOUNDS
[cwd=0]%Error: ERROR_SLICE_COUNT_OUT_BOUNDS
[cwd=0]%