#### File system information:
Number of blocks          : 256
Block size (Bytes)        : 256
Number of inodes          : 32
inode size (Bytes)        : 32
inodes per block          : 8
Free bitmap offset        : 2
Free bitmap size (blocks) : 1
Inode table offset        : 3
Inode table size (blocks) : 4
Max blocks per file       : 6
Data blocks offset        : 7
Data block size (blocks)  : 249
Raw block layer layout: (B: boot, S: superblock, F: free bitmap, I: inode, D: data
0123456789012345678901234567890123456789012345678901234567890123456789012345678901234567890123456789012345678901234567890123456789012345678901234567890123456789012345678901234567890123456789012345678901234567890123456789012345678901234567890123456789012345
BSFIIIIDDDDDDDDDDDDDDDDDDDDDDDDDDDDDDDDDDDDDDDDDDDDDDDDDDDDDDDDDDDDDDDDDDDDDDDDDDDDDDDDDDDDDDDDDDDDDDDDDDDDDDDDDDDDDDDDDDDDDDDDDDDDDDDDDDDDDDDDDDDDDDDDDDDDDDDDDDDDDDDDDDDDDDDDDDDDDDDDDDDDDDDDDDDDDDDDDDDDDDDDDDDDDDDDDDDDDDDDDDDDDDDDDDDDDDDDDDDDDDDDDDDDDDDDD
[cwd=0]%
[cwd=0]%
Successfully appended 294 bytes.
[cwd=0]%
MIRROR_TEST_012345678901234567890123456789012345678901234567890123456789012345678901234567890123456789012345678901234567890123456789012345678901234567890123456789012345678901234567890123456789012345678901234567890123456789012345678901234567890123456789012345678901234567890123456789_MIRROR_TEST
[cwd=0]%
[cwd=0]%
TSET_RORRIM_987654321098765432109876543210987654321098765432109876543210987654321098765432109876543210987654321098765432109876543210987654321098765432109876543210987654321098765432109876543210987654321098765432109876543210987654321098765432109876543210987654321098765432109876543210_TSET_RORRIM
[cwd=0]%
[cwd=0]%
MIRROR_TEST_012345678901234567890123456789012345678901234567890123456789012345678901234567890123456789012345678901234567890123456789012345678901234567890123456789012345678901234567890123456789012345678901234567890123456789012345678901234567890123456789012345678901234567890123456789_MIRROR_TEST
[cwd=0]%
