#### File system information:
Number of blocks          : 256
Block size (Bytes)        : 256
Number of inodes          : 32
inode size (Bytes)        : 32
inodes per block          : 8
Free bitmap offset        : 2
Free bitmap size (blocks) : 1
Inode table offset        : 3
Inode table size (blocks) : 4
Max blocks per file       : 6
Data blocks offset        : 7
Data block size (blocks)  : 249
Raw block layer layout: (B: boot, S: superblock, F: free bitmap, I: inode, D: data
0123456789012345678901234567890123456789012345678901234567890123456789012345678901234567890123456789012345678901234567890123456789012345678901234567890123456789012345678901234567890123456789012345678901234567890123456789012345678901234567890123456789012345
BSFIIIIDDDDDDDDDDDDDDDDDDDDDDDDDDDDDDDDDDDDDDDDDDDDDDDDDDDDDDDDDDDDDDDDDDDDDDDDDDDDDDDDDDDDDDDDDDDDDDDDDDDDDDDDDDDDDDDDDDDDDDDDDDDDDDDDDDDDDDDDDDDDDDDDDDDDDDDDDDDDDDDDDDDDDDDDDDDDDDDDDDDDDDDDDDDDDDDDDDDDDDDDDDDDDDDDDDDDDDDDDDDDDDDDDDDDDDDDDDDDDDDDDDDDDDDDD
[cwd=0]%
[cwd=0]%
[cwd=0]%
[cwd=0]%
[cwd=0]%
[cwd=0]%
[cwd=0]%
[cwd=0]%
[cwd=0]%
[cwd=0]%
[cwd=0]%
[cwd=0]%
[cwd=0]%
[cwd=0]%
[cwd=0]%
[cwd=0]%
[cwd=0]%
[cwd=0]%
[cwd=0]%
[cwd=0]%
[cwd=0]%
[cwd=0]%
[cwd=0]%
[cwd=0]%
[cwd=0]%
[cwd=0]%
[26]:./
[1]:f1
[1]:f2
[1]:f3
[1]:f4
[1]:f5
[1]:f6
[1]:f7
[1]:f8
[1]:f9
[1]:f10
[1]:f11
[1]:f12
[1]:f13
[1]:f14
[1]:f15
[1]:f16
[1]:f17
[1]:f18
[1]:f19
[1]:f20
[1]:f21
[1]:f22
[1]:f23
[1]:f24
[1]:f25
[cwd=0]%
[cwd=0]%
[25]:./
[1]:f2
[1]:f3
[1]:f4
[1]:f5
[1]:f6
[1]:f7
[1]:f8
[1]:f9
[1]:f10
[1]:f11
[1]:f12
[1]:f13
[1]:f14
[1]:f15
[1]:f16
[1]:f17
[1]:f18
[1]:f19
[1]:f20
[1]:f21
[1]:f22
[1]:f23
[1]:f24
[1]:f25
[cwd=0]%
[cwd=0]%
[cwd=0]%
[cwd=0]%
[cwd=0]%
[cwd=0]%
[cwd=0]%
[cwd=0]%
[cwd=0]%
[cwd=0]%
[16]:./
[1]:f11
[1]:f12
[1]:f13
[1]:f14
[1]:f15
[1]:f16
[1]:f17
[1]:f18
[1]:f19
[1]:f20
[1]:f21
[1]:f22
[1]:f23
[1]:f24
[1]:f25
[cwd=0]%
[cwd=0]%
[cwd=0]%
[cwd=0]%
[cwd=0]%
[cwd=0]%
[cwd=0]%
[cwd=0]%
[cwd=0]%
[cwd=0]%
[cwd=0]%
[cwd=0]%
[cwd=0]%
[cwd=0]%
[cwd=0]%
[2]:./
[1]:f25
[cwd=0]%
[cwd=0]%
[1]:./
[cwd=0]%
